============================= test session starts =============================
platform win32 -- Python 3.12.4, pytest-9.0.2, pluggy-1.6.0 -- C:\Users\kondo\Desktop\pdfmasking\venv312\Scripts\python.exe
cachedir: .pytest_cache
rootdir: C:\Users\kondo\Desktop\pdfmasking
collecting ... collected 1 item

tests/test_log_output.py::TestLogOutput::test_masked_entities_count_and_content FAILED [100%]
tests/test_log_output.py::TestLogOutput::test_masked_entities_count_and_content ERROR [100%]

=================================== ERRORS ====================================
__ ERROR at teardown of TestLogOutput.test_masked_entities_count_and_content __

self = <tests.test_log_output.TestLogOutput object at 0x00000177F57B53D0>

    @pytest.fixture
    def temp_output_dir(self):
        """Create a temporary output directory."""
        temp_dir = tempfile.mkdtemp()
        yield Path(temp_dir)
>       shutil.rmtree(temp_dir)

tests\test_log_output.py:55: 
_ _ _ _ _ _ _ _ _ _ _ _ _ _ _ _ _ _ _ _ _ _ _ _ _ _ _ _ _ _ _ _ _ _ _ _ _ _ _ _
..\..\AppData\Local\Programs\Python\Python312\Lib\shutil.py:781: in rmtree
    return _rmtree_unsafe(path, onexc)
           ^^^^^^^^^^^^^^^^^^^^^^^^^^^
..\..\AppData\Local\Programs\Python\Python312\Lib\shutil.py:635: in _rmtree_unsafe
    onexc(os.unlink, fullname, err)
_ _ _ _ _ _ _ _ _ _ _ _ _ _ _ _ _ _ _ _ _ _ _ _ _ _ _ _ _ _ _ _ _ _ _ _ _ _ _ _

path = 'C:\\Users\\kondo\\AppData\\Local\\Temp\\tmpd5ce_z5g'
onexc = <function rmtree.<locals>.onexc at 0x000001779D8B7560>

    def _rmtree_unsafe(path, onexc):
        def onerror(err):
            onexc(os.scandir, err.filename, err)
        results = os.walk(path, topdown=False, onerror=onerror, followlinks=os._walk_symlinks_as_files)
        for dirpath, dirnames, filenames in results:
            for name in dirnames:
                fullname = os.path.join(dirpath, name)
                try:
                    os.rmdir(fullname)
                except OSError as err:
                    onexc(os.rmdir, fullname, err)
            for name in filenames:
                fullname = os.path.join(dirpath, name)
                try:
>                   os.unlink(fullname)
E                   PermissionError: [WinError 32] プロセスはファイルにアクセスできません。別のプロセスが使用中です。: 'C:\\Users\\kondo\\AppData\\Local\\Temp\\tmpd5ce_z5g\\test_log.txt'

..\..\AppData\Local\Programs\Python\Python312\Lib\shutil.py:633: PermissionError
---------------------------- Captured stdout call -----------------------------
\u2713 GiNZA-based person and address recognition enabled
------------------------------ Captured log call ------------------------------
WARNING  presidio-analyzer:ner_model_configuration.py:63 model_to_presidio_entity_mapping is missing from configuration, using default
WARNING  presidio-analyzer:ner_model_configuration.py:69 low_score_entity_names is missing from configuration, using default
WARNING  presidio-analyzer:ner_model_configuration.py:74 labels_to_ignore is missing from configuration, using default
WARNING  presidio-analyzer:recognizers_loader_utils.py:127 Recognizer not added to registry because language is not supported by registry - CreditCardRecognizer supported languages: es, registry supported languages: ja, en
WARNING  presidio-analyzer:recognizers_loader_utils.py:127 Recognizer not added to registry because language is not supported by registry - CreditCardRecognizer supported languages: it, registry supported languages: ja, en
WARNING  presidio-analyzer:recognizers_loader_utils.py:127 Recognizer not added to registry because language is not supported by registry - CreditCardRecognizer supported languages: pl, registry supported languages: ja, en
WARNING  presidio-analyzer:recognizers_loader_utils.py:127 Recognizer not added to registry because language is not supported by registry - EsNifRecognizer supported languages: es, registry supported languages: ja, en
WARNING  presidio-analyzer:recognizers_loader_utils.py:127 Recognizer not added to registry because language is not supported by registry - EsNieRecognizer supported languages: es, registry supported languages: ja, en
WARNING  presidio-analyzer:recognizers_loader_utils.py:127 Recognizer not added to registry because language is not supported by registry - ItDriverLicenseRecognizer supported languages: it, registry supported languages: ja, en
WARNING  presidio-analyzer:recognizers_loader_utils.py:127 Recognizer not added to registry because language is not supported by registry - ItFiscalCodeRecognizer supported languages: it, registry supported languages: ja, en
WARNING  presidio-analyzer:recognizers_loader_utils.py:127 Recognizer not added to registry because language is not supported by registry - ItVatCodeRecognizer supported languages: it, registry supported languages: ja, en
WARNING  presidio-analyzer:recognizers_loader_utils.py:127 Recognizer not added to registry because language is not supported by registry - ItIdentityCardRecognizer supported languages: it, registry supported languages: ja, en
WARNING  presidio-analyzer:recognizers_loader_utils.py:127 Recognizer not added to registry because language is not supported by registry - ItPassportRecognizer supported languages: it, registry supported languages: ja, en
WARNING  presidio-analyzer:recognizers_loader_utils.py:127 Recognizer not added to registry because language is not supported by registry - PlPeselRecognizer supported languages: pl, registry supported languages: ja, en
WARNING  presidio-analyzer:ner_model_configuration.py:63 model_to_presidio_entity_mapping is missing from configuration, using default
WARNING  presidio-analyzer:ner_model_configuration.py:69 low_score_entity_names is missing from configuration, using default
WARNING  presidio-analyzer:ner_model_configuration.py:74 labels_to_ignore is missing from configuration, using default
WARNING  presidio-analyzer:recognizer_registry.py:182 Entity CREDIT_CARD doesn't have the corresponding recognizer in language : ja
WARNING  presidio-analyzer:spacy_nlp_engine.py:259 Entity Person is not mapped to a Presidio entity, but keeping anyway. Add to `NerModelConfiguration.labels_to_ignore` to remove.
WARNING  presidio-analyzer:spacy_nlp_engine.py:259 Entity Date is not mapped to a Presidio entity, but keeping anyway. Add to `NerModelConfiguration.labels_to_ignore` to remove.
WARNING  presidio-analyzer:spacy_nlp_engine.py:259 Entity Age is not mapped to a Presidio entity, but keeping anyway. Add to `NerModelConfiguration.labels_to_ignore` to remove.
WARNING  presidio-analyzer:spacy_nlp_engine.py:259 Entity Postal_Address is not mapped to a Presidio entity, but keeping anyway. Add to `NerModelConfiguration.labels_to_ignore` to remove.
WARNING  presidio-analyzer:spacy_nlp_engine.py:259 Entity N_Organization is not mapped to a Presidio entity, but keeping anyway. Add to `NerModelConfiguration.labels_to_ignore` to remove.
WARNING  presidio-analyzer:spacy_nlp_engine.py:259 Entity Show_Organization is not mapped to a Presidio entity, but keeping anyway. Add to `NerModelConfiguration.labels_to_ignore` to remove.
WARNING  presidio-analyzer:spacy_nlp_engine.py:259 Entity Person is not mapped to a Presidio entity, but keeping anyway. Add to `NerModelConfiguration.labels_to_ignore` to remove.
INFO     masking:main.py:76 
============================================================
INFO     masking:main.py:77 Masking Log - 2025-12-14 16:29:01
INFO     masking:main.py:78 ============================================================
INFO     masking:main.py:81 [DATE_OF_BIRTH_JP] "1995年4月15日" (score: 1.00, pos: 34-44)
INFO     masking:main.py:81 [PHONE_NUMBER_JP] "090-1234-5678" (score: 1.00, pos: 97-110)
INFO     masking:main.py:81 [EMAIL_ADDRESS] "taro.yamada@example.com" (score: 1.00, pos: 118-141)
INFO     masking:main.py:81 [JP_ZIP_CODE] "100-0001" (score: 0.95, pos: 64-72)
INFO     masking:main.py:81 [JP_PERSON] "履歴書" (score: 0.85, pos: 0-3)
INFO     masking:main.py:81 [JP_PERSON] "氏名" (score: 0.85, pos: 5-7)
INFO     masking:main.py:81 [JP_PERSON] " 山田太郎" (score: 0.85, pos: 8-13)
INFO     masking:main.py:81 [JP_PERSON] "ふりがな" (score: 0.85, pos: 14-18)
INFO     masking:main.py:81 [JP_PERSON] " やまだたろう" (score: 0.85, pos: 19-26)
INFO     masking:main.py:81 [JP_PERSON] "生年月日" (score: 0.85, pos: 28-32)
INFO     masking:main.py:81 [JP_PERSON] "性別" (score: 0.85, pos: 50-52)
INFO     masking:main.py:81 [JP_PERSON] " 男性" (score: 0.85, pos: 53-56)
INFO     masking:main.py:81 [JP_PERSON] "現住所" (score: 0.85, pos: 58-61)
INFO     masking:main.py:81 [JP_PERSON] "東京都千代田区千代田" (score: 0.85, pos: 73-83)
INFO     masking:main.py:81 [JP_PERSON] "連絡先" (score: 0.85, pos: 88-91)
INFO     masking:main.py:81 [JP_PERSON] "電話" (score: 0.85, pos: 93-95)
INFO     masking:main.py:81 [JP_ZIP_CODE] "090-1234" (score: 0.60, pos: 97-105)
INFO     masking:main.py:81 [PHONE_NUMBER] "090-1234-5678" (score: 0.40, pos: 97-110)
INFO     masking:main.py:85 Total: 18 entities masked
================================== FAILURES ===================================
____________ TestLogOutput.test_masked_entities_count_and_content _____________

self = <tests.test_log_output.TestLogOutput object at 0x00000177F57B53D0>
temp_output_dir = WindowsPath('C:/Users/kondo/AppData/Local/Temp/tmpd5ce_z5g')

    def test_masked_entities_count_and_content(self, temp_output_dir):
        """
        Test that:
        1. All 9 expected entities are found in the log
        2. The number of masked entities does not exceed 9
        """
        log_path = temp_output_dir / "test_log.txt"
    
        # Setup logger for this test
        setup_logger(log_path)
    
        # Run masking
        masked_text, _ = mask_pii_in_text(SAMPLE_TEXT, language="ja", verbose=True)
    
        # Flush handlers to ensure all log content is written
        for handler in masking_logger.handlers:
            handler.flush()
    
        # Read log file content
        log_content = log_path.read_text(encoding="utf-8")
    
        # Extract all quoted strings from log (format: "word")
        logged_entities = re.findall(r'"([^"]+)"', log_content)
    
        # Test 1: Check that each expected word appears in the log
        missing_words = []
        for expected_word in EXPECTED_MASKED_WORDS:
            found = False
            for entity in logged_entities:
                # Check if the expected word matches or is contained in the logged entity
                if expected_word in entity or entity in expected_word:
                    found = True
                    break
            if not found:
                missing_words.append(expected_word)
    
>       assert not missing_words, f"Expected words not found in log: {missing_words}"
E       AssertionError: Expected words not found in log: ['29歳']
E       assert not ['29歳']

tests\test_log_output.py:93: AssertionError
---------------------------- Captured stdout call -----------------------------
\u2713 GiNZA-based person and address recognition enabled
------------------------------ Captured log call ------------------------------
WARNING  presidio-analyzer:ner_model_configuration.py:63 model_to_presidio_entity_mapping is missing from configuration, using default
WARNING  presidio-analyzer:ner_model_configuration.py:69 low_score_entity_names is missing from configuration, using default
WARNING  presidio-analyzer:ner_model_configuration.py:74 labels_to_ignore is missing from configuration, using default
WARNING  presidio-analyzer:recognizers_loader_utils.py:127 Recognizer not added to registry because language is not supported by registry - CreditCardRecognizer supported languages: es, registry supported languages: ja, en
WARNING  presidio-analyzer:recognizers_loader_utils.py:127 Recognizer not added to registry because language is not supported by registry - CreditCardRecognizer supported languages: it, registry supported languages: ja, en
WARNING  presidio-analyzer:recognizers_loader_utils.py:127 Recognizer not added to registry because language is not supported by registry - CreditCardRecognizer supported languages: pl, registry supported languages: ja, en
WARNING  presidio-analyzer:recognizers_loader_utils.py:127 Recognizer not added to registry because language is not supported by registry - EsNifRecognizer supported languages: es, registry supported languages: ja, en
WARNING  presidio-analyzer:recognizers_loader_utils.py:127 Recognizer not added to registry because language is not supported by registry - EsNieRecognizer supported languages: es, registry supported languages: ja, en
WARNING  presidio-analyzer:recognizers_loader_utils.py:127 Recognizer not added to registry because language is not supported by registry - ItDriverLicenseRecognizer supported languages: it, registry supported languages: ja, en
WARNING  presidio-analyzer:recognizers_loader_utils.py:127 Recognizer not added to registry because language is not supported by registry - ItFiscalCodeRecognizer supported languages: it, registry supported languages: ja, en
WARNING  presidio-analyzer:recognizers_loader_utils.py:127 Recognizer not added to registry because language is not supported by registry - ItVatCodeRecognizer supported languages: it, registry supported languages: ja, en
WARNING  presidio-analyzer:recognizers_loader_utils.py:127 Recognizer not added to registry because language is not supported by registry - ItIdentityCardRecognizer supported languages: it, registry supported languages: ja, en
WARNING  presidio-analyzer:recognizers_loader_utils.py:127 Recognizer not added to registry because language is not supported by registry - ItPassportRecognizer supported languages: it, registry supported languages: ja, en
WARNING  presidio-analyzer:recognizers_loader_utils.py:127 Recognizer not added to registry because language is not supported by registry - PlPeselRecognizer supported languages: pl, registry supported languages: ja, en
WARNING  presidio-analyzer:ner_model_configuration.py:63 model_to_presidio_entity_mapping is missing from configuration, using default
WARNING  presidio-analyzer:ner_model_configuration.py:69 low_score_entity_names is missing from configuration, using default
WARNING  presidio-analyzer:ner_model_configuration.py:74 labels_to_ignore is missing from configuration, using default
WARNING  presidio-analyzer:recognizer_registry.py:182 Entity CREDIT_CARD doesn't have the corresponding recognizer in language : ja
WARNING  presidio-analyzer:spacy_nlp_engine.py:259 Entity Person is not mapped to a Presidio entity, but keeping anyway. Add to `NerModelConfiguration.labels_to_ignore` to remove.
WARNING  presidio-analyzer:spacy_nlp_engine.py:259 Entity Date is not mapped to a Presidio entity, but keeping anyway. Add to `NerModelConfiguration.labels_to_ignore` to remove.
WARNING  presidio-analyzer:spacy_nlp_engine.py:259 Entity Age is not mapped to a Presidio entity, but keeping anyway. Add to `NerModelConfiguration.labels_to_ignore` to remove.
WARNING  presidio-analyzer:spacy_nlp_engine.py:259 Entity Postal_Address is not mapped to a Presidio entity, but keeping anyway. Add to `NerModelConfiguration.labels_to_ignore` to remove.
WARNING  presidio-analyzer:spacy_nlp_engine.py:259 Entity N_Organization is not mapped to a Presidio entity, but keeping anyway. Add to `NerModelConfiguration.labels_to_ignore` to remove.
WARNING  presidio-analyzer:spacy_nlp_engine.py:259 Entity Show_Organization is not mapped to a Presidio entity, but keeping anyway. Add to `NerModelConfiguration.labels_to_ignore` to remove.
WARNING  presidio-analyzer:spacy_nlp_engine.py:259 Entity Person is not mapped to a Presidio entity, but keeping anyway. Add to `NerModelConfiguration.labels_to_ignore` to remove.
INFO     masking:main.py:76 
============================================================
INFO     masking:main.py:77 Masking Log - 2025-12-14 16:29:01
INFO     masking:main.py:78 ============================================================
INFO     masking:main.py:81 [DATE_OF_BIRTH_JP] "1995年4月15日" (score: 1.00, pos: 34-44)
INFO     masking:main.py:81 [PHONE_NUMBER_JP] "090-1234-5678" (score: 1.00, pos: 97-110)
INFO     masking:main.py:81 [EMAIL_ADDRESS] "taro.yamada@example.com" (score: 1.00, pos: 118-141)
INFO     masking:main.py:81 [JP_ZIP_CODE] "100-0001" (score: 0.95, pos: 64-72)
INFO     masking:main.py:81 [JP_PERSON] "履歴書" (score: 0.85, pos: 0-3)
INFO     masking:main.py:81 [JP_PERSON] "氏名" (score: 0.85, pos: 5-7)
INFO     masking:main.py:81 [JP_PERSON] " 山田太郎" (score: 0.85, pos: 8-13)
INFO     masking:main.py:81 [JP_PERSON] "ふりがな" (score: 0.85, pos: 14-18)
INFO     masking:main.py:81 [JP_PERSON] " やまだたろう" (score: 0.85, pos: 19-26)
INFO     masking:main.py:81 [JP_PERSON] "生年月日" (score: 0.85, pos: 28-32)
INFO     masking:main.py:81 [JP_PERSON] "性別" (score: 0.85, pos: 50-52)
INFO     masking:main.py:81 [JP_PERSON] " 男性" (score: 0.85, pos: 53-56)
INFO     masking:main.py:81 [JP_PERSON] "現住所" (score: 0.85, pos: 58-61)
INFO     masking:main.py:81 [JP_PERSON] "東京都千代田区千代田" (score: 0.85, pos: 73-83)
INFO     masking:main.py:81 [JP_PERSON] "連絡先" (score: 0.85, pos: 88-91)
INFO     masking:main.py:81 [JP_PERSON] "電話" (score: 0.85, pos: 93-95)
INFO     masking:main.py:81 [JP_ZIP_CODE] "090-1234" (score: 0.60, pos: 97-105)
INFO     masking:main.py:81 [PHONE_NUMBER] "090-1234-5678" (score: 0.40, pos: 97-110)
INFO     masking:main.py:85 Total: 18 entities masked
=========================== short test summary info ===========================
FAILED tests/test_log_output.py::TestLogOutput::test_masked_entities_count_and_content
ERROR tests/test_log_output.py::TestLogOutput::test_masked_entities_count_and_content
========================= 1 failed, 1 error in 9.95s ==========================
